Solution 1
T ==K ( bool -> ( V0 -> ( V0 -> V0 ) ) )
