Solution 1
T ==K ( ( V0 -> V1 ) -> ( V0 -> V1 ) )
