Solution 1
V ==K fun ( ( x -> ( ( fun ( ( [ y , .Exps ] -> y ) | .Cases ) ) [ x , .Exps ] ) ) | .Cases )
